[{"stream_name":"stderr","time":0.908370744,"data":"Cloning into 'repo'...\n"}
,{"stream_name":"stdout","time":1.58589599,"data":"resume from /kaggle/input/datasets/garyzhang11111/aisci-zombie-stage3c/data\n"}
,{"stream_name":"stdout","time":1.951428806,"data":"resume from /kaggle/input/datasets/garyzhang11111/aisci-zombie-stage3c/out\n"}
,{"stream_name":"stdout","time":7.278493675,"data":"   ━━━━━━━━━━━━━━━━━━━━━━━━━━━━━━━━━━━━━━━━ 3.1/3.1 MB 67.5 MB/s eta 0:00:00\n"}
,{"stream_name":"stdout","time":10.203237229,"data":"\n"}
,{"stream_name":"stdout","time":10.203277365,"data":"=== s05 ===\n"}
,{"stream_name":"stdout","time":12.892924643,"data":"shard 2/5: 1803 assigned, 782 still to do (of 9017 total)\n"}
,{"stream_name":"stdout","time":12.934086414,"data":"  0/782\n"}
,{"stream_name":"stdout","time":634.29084073,"data":"  25/782\n"}
,{"stream_name":"stdout","time":1395.48921399,"data":"  50/782\n"}
,{"stream_name":"stdout","time":1587.478373598,"data":"  75/782\n"}
,{"stream_name":"stdout","time":1792.047474731,"data":"  100/782\n"}
,{"stream_name":"stdout","time":2160.03358622,"data":"  125/782\n"}
,{"stream_name":"stdout","time":2530.24671112,"data":"  150/782\n"}
,{"stream_name":"stdout","time":2924.508205604,"data":"  175/782\n"}
,{"stream_name":"stdout","time":3315.158246421,"data":"  200/782\n"}
,{"stream_name":"stdout","time":3669.689938301,"data":"  225/782\n"}
,{"stream_name":"stdout","time":4264.738019036,"data":"  250/782\n"}
,{"stream_name":"stdout","time":4752.752386188,"data":"  275/782\n"}
,{"stream_name":"stdout","time":5064.481851531,"data":"  300/782\n"}
,{"stream_name":"stdout","time":5445.728472432,"data":"  325/782\n"}
,{"stream_name":"stdout","time":5853.405067594,"data":"  350/782\n"}
,{"stream_name":"stdout","time":6302.94937539,"data":"  375/782\n"}
,{"stream_name":"stdout","time":6642.776787387,"data":"  400/782\n"}
,{"stream_name":"stdout","time":7321.316366352,"data":"  425/782\n"}
,{"stream_name":"stdout","time":7649.230496014,"data":"  450/782\n"}
,{"stream_name":"stdout","time":8026.383394673,"data":"  475/782\n"}
,{"stream_name":"stdout","time":8433.756120149,"data":"  500/782\n"}
,{"stream_name":"stdout","time":8744.967885299,"data":"  525/782\n"}
,{"stream_name":"stdout","time":8936.660367221,"data":"  550/782\n"}
,{"stream_name":"stdout","time":9160.969225321,"data":"  575/782\n"}
,{"stream_name":"stdout","time":9482.698810926,"data":"  600/782\n"}
,{"stream_name":"stdout","time":9928.135987011,"data":"  625/782\n"}
,{"stream_name":"stdout","time":10331.410440003,"data":"  650/782\n"}
,{"stream_name":"stdout","time":11097.952872002,"data":"  675/782\n"}
,{"stream_name":"stdout","time":11443.735247174,"data":"  700/782\n"}
,{"stream_name":"stdout","time":11820.368381035,"data":"  725/782\n"}
,{"stream_name":"stdout","time":12058.284121817,"data":"  750/782\n"}
,{"stream_name":"stdout","time":12414.848037974,"data":"  775/782\n"}
,{"stream_name":"stdout","time":12544.125545302,"data":"COMPLETE\n"}
,{"stream_name":"stdout","time":12544.190763979,"data":"          papers    refs  unresolvable    per_1000\n"}
,{"stream_name":"stdout","time":12544.190800043,"data":"group                                             \n"}
,{"stream_name":"stdout","time":12544.190806899,"data":"artifact    1385   75239         10446  138.837571\n"}
,{"stream_name":"stdout","time":12544.190813449,"data":"control     3783  200812         24997  124.479613\n"}
,{"stream_name":"stdout","time":12544.38333398,"data":"\n"}
,{"stream_name":"stdout","time":12544.383371688,"data":"=== RUN SUMMARY ===\n"}
,{"stream_name":"stdout","time":12544.383396515,"data":"s05: ok\n"}
,{"stream_name":"stdout","time":12544.383400938,"data":"ALL_OK\n"}
,{"stream_name":"stdout","time":12544.388104596,"data":"16M\tdata\n"}
,{"stream_name":"stdout","time":12544.388137376,"data":"\n"}
,{"stream_name":"stderr","time":12547.214265464,"data":"/usr/local/lib/python3.12/dist-packages/mistune.py:435: SyntaxWarning: invalid escape sequence '\\|'\n"}
,{"stream_name":"stderr","time":12547.21430453,"data":"  cells[i][c] = re.sub('\\\\\\\\\\|', '|', cell)\n"}
,{"stream_name":"stderr","time":12547.570436409,"data":"/usr/local/lib/python3.12/dist-packages/nbconvert/filters/filter_links.py:36: SyntaxWarning: invalid escape sequence '\\_'\n"}
,{"stream_name":"stderr","time":12547.570469874,"data":"  text = re.sub(r'_', '\\_', text) # Escape underscores in display text\n"}
,{"stream_name":"stderr","time":12548.533403211,"data":"[NbConvertApp] Converting notebook __script__.ipynb to html\n"}
,{"stream_name":"stderr","time":12550.225125488,"data":"[NbConvertApp] Writing 286888 bytes to __results__.html\n"}
]