[{"stream_name":"stderr","time":1.038131852,"data":"Cloning into 'repo'...\n"}
,{"stream_name":"stdout","time":1.847246045,"data":"resume from /kaggle/input/aisci-zombie-stage3b/data\n"}
,{"stream_name":"stdout","time":2.131790087,"data":"resume from /kaggle/input/aisci-zombie-stage3b/out\n"}
,{"stream_name":"stdout","time":7.563906222,"data":"   ━━━━━━━━━━━━━━━━━━━━━━━━━━━━━━━━━━━━━━━━ 3.1/3.1 MB 30.7 MB/s eta 0:00:00\n"}
,{"stream_name":"stdout","time":10.179781477,"data":"\n"}
,{"stream_name":"stdout","time":10.179819211,"data":"=== s05 ===\n"}
,{"stream_name":"stdout","time":12.852342978,"data":"9017 papers with DOIs to check against Crossref\n"}
,{"stream_name":"stdout","time":15.323019074,"data":"  0/9017\n"}
,{"stream_name":"stdout","time":225.333306181,"data":"  25/9017\n"}
,{"stream_name":"stdout","time":434.258089839,"data":"  50/9017\n"}
,{"stream_name":"stdout","time":712.633399612,"data":"  75/9017\n"}
,{"stream_name":"stdout","time":827.016542455,"data":"  100/9017\n"}
,{"stream_name":"stdout","time":972.544831844,"data":"  125/9017\n"}
,{"stream_name":"stdout","time":1228.167605305,"data":"  150/9017\n"}
,{"stream_name":"stdout","time":1678.902232642,"data":"  175/9017\n"}
,{"stream_name":"stdout","time":1903.639368875,"data":"  200/9017\n"}
,{"stream_name":"stdout","time":2138.378913794,"data":"  225/9017\n"}
,{"stream_name":"stdout","time":2324.009780958,"data":"  250/9017\n"}
,{"stream_name":"stdout","time":2488.962552953,"data":"  275/9017\n"}
,{"stream_name":"stdout","time":2640.94490319,"data":"  300/9017\n"}
,{"stream_name":"stdout","time":2839.60716979,"data":"  325/9017\n"}
,{"stream_name":"stdout","time":3081.283770356,"data":"  350/9017\n"}
,{"stream_name":"stdout","time":3190.331132381,"data":"  375/9017\n"}
,{"stream_name":"stdout","time":3406.667114079,"data":"  400/9017\n"}
,{"stream_name":"stdout","time":3605.222594828,"data":"  425/9017\n"}
,{"stream_name":"stdout","time":3804.980479315,"data":"  450/9017\n"}
,{"stream_name":"stdout","time":4030.594555093,"data":"  475/9017\n"}
,{"stream_name":"stdout","time":4301.269128071,"data":"  500/9017\n"}
,{"stream_name":"stdout","time":4500.906184825,"data":"  525/9017\n"}
,{"stream_name":"stdout","time":4717.429875338,"data":"  550/9017\n"}
,{"stream_name":"stdout","time":4895.639856286,"data":"  575/9017\n"}
,{"stream_name":"stdout","time":5084.658019974,"data":"  600/9017\n"}
,{"stream_name":"stdout","time":5399.979802074,"data":"  625/9017\n"}
,{"stream_name":"stdout","time":5555.700596577,"data":"  650/9017\n"}
,{"stream_name":"stdout","time":5770.859777245,"data":"  675/9017\n"}
,{"stream_name":"stdout","time":5952.326373213,"data":"  700/9017\n"}
,{"stream_name":"stdout","time":6275.576901582,"data":"  725/9017\n"}
,{"stream_name":"stdout","time":6633.011927313,"data":"  750/9017\n"}
,{"stream_name":"stdout","time":6856.234084084,"data":"  775/9017\n"}
,{"stream_name":"stdout","time":7008.53340976,"data":"  800/9017\n"}
,{"stream_name":"stdout","time":7151.832925754,"data":"  825/9017\n"}
,{"stream_name":"stdout","time":7336.455291355,"data":"  850/9017\n"}
,{"stream_name":"stdout","time":7553.069337889,"data":"  875/9017\n"}
,{"stream_name":"stdout","time":7723.31287912,"data":"  900/9017\n"}
,{"stream_name":"stdout","time":7918.28852883,"data":"  925/9017\n"}
,{"stream_name":"stdout","time":8077.181864148,"data":"  950/9017\n"}
,{"stream_name":"stdout","time":8246.316207429,"data":"  975/9017\n"}
,{"stream_name":"stdout","time":8477.917506641,"data":"  1000/9017\n"}
,{"stream_name":"stdout","time":8674.601311273,"data":"  1025/9017\n"}
,{"stream_name":"stdout","time":8952.62667288,"data":"  1050/9017\n"}
,{"stream_name":"stdout","time":9209.147749053,"data":"  1075/9017\n"}
,{"stream_name":"stdout","time":9409.682264846,"data":"  1100/9017\n"}
,{"stream_name":"stdout","time":9540.879854028,"data":"  1525/9017\n"}
,{"stream_name":"stdout","time":9817.236174914,"data":"  1550/9017\n"}
,{"stream_name":"stdout","time":10102.381310492,"data":"  1575/9017\n"}
,{"stream_name":"stdout","time":10277.896875074,"data":"  1600/9017\n"}
,{"stream_name":"stdout","time":10479.507153791,"data":"  1625/9017\n"}
,{"stream_name":"stdout","time":10699.018128289,"data":"  1650/9017\n"}
,{"stream_name":"stdout","time":10940.76762176,"data":"  1675/9017\n"}
,{"stream_name":"stdout","time":11109.740893322,"data":"  1700/9017\n"}
,{"stream_name":"stdout","time":11345.691360267,"data":"  1725/9017\n"}
,{"stream_name":"stdout","time":11535.615094662,"data":"  1750/9017\n"}
,{"stream_name":"stdout","time":11708.684807271,"data":"  1775/9017\n"}
,{"stream_name":"stdout","time":11884.95466867,"data":"  1800/9017\n"}
,{"stream_name":"stdout","time":12117.402409044,"data":"  1825/9017\n"}
,{"stream_name":"stdout","time":12337.927208452,"data":"  1850/9017\n"}
,{"stream_name":"stdout","time":12528.386053743,"data":"  1875/9017\n"}
,{"stream_name":"stdout","time":12713.789167145,"data":"  1900/9017\n"}
,{"stream_name":"stdout","time":12844.927750786,"data":"  1925/9017\n"}
,{"stream_name":"stdout","time":13036.860341706,"data":"  1950/9017\n"}
,{"stream_name":"stdout","time":13237.394315652,"data":"  1975/9017\n"}
,{"stream_name":"stdout","time":13345.331744019,"data":"  2000/9017\n"}
,{"stream_name":"stdout","time":13498.75564446,"data":"  2025/9017\n"}
,{"stream_name":"stdout","time":13677.050273954,"data":"  2050/9017\n"}
,{"stream_name":"stdout","time":13859.35678615,"data":"  2075/9017\n"}
,{"stream_name":"stdout","time":14009.503116038,"data":"  2100/9017\n"}
,{"stream_name":"stdout","time":14142.750189656,"data":"  2125/9017\n"}
,{"stream_name":"stdout","time":14300.748576194,"data":"  2150/9017\n"}
,{"stream_name":"stdout","time":14432.069760996,"data":"  2175/9017\n"}
,{"stream_name":"stdout","time":14546.84181417,"data":"  2200/9017\n"}
,{"stream_name":"stdout","time":14727.327901746,"data":"  2225/9017\n"}
,{"stream_name":"stdout","time":14890.589767079,"data":"  2250/9017\n"}
,{"stream_name":"stdout","time":15103.549603322,"data":"  2275/9017\n"}
,{"stream_name":"stdout","time":15342.822037734,"data":"  2300/9017\n"}
,{"stream_name":"stdout","time":15539.134819231,"data":"  2325/9017\n"}
,{"stream_name":"stdout","time":15870.2028589,"data":"  2350/9017\n"}
,{"stream_name":"stdout","time":16058.725225045,"data":"  2375/9017\n"}
,{"stream_name":"stdout","time":16290.448932527,"data":"  2400/9017\n"}
,{"stream_name":"stdout","time":16452.944377915,"data":"  2425/9017\n"}
,{"stream_name":"stdout","time":16538.068576149,"data":"  2450/9017\n"}
,{"stream_name":"stdout","time":16671.219436384,"data":"  2475/9017\n"}
,{"stream_name":"stdout","time":16932.923332296,"data":"  2500/9017\n"}
,{"stream_name":"stdout","time":17116.340369108,"data":"  2525/9017\n"}
,{"stream_name":"stdout","time":17378.617516164,"data":"  2550/9017\n"}
,{"stream_name":"stdout","time":17640.654669665,"data":"  2575/9017\n"}
,{"stream_name":"stdout","time":17857.737595274,"data":"  2600/9017\n"}
,{"stream_name":"stdout","time":18021.460659393,"data":"  2625/9017\n"}
,{"stream_name":"stdout","time":18221.27570517,"data":"  2650/9017\n"}
,{"stream_name":"stdout","time":18385.221228853,"data":"  2675/9017\n"}
,{"stream_name":"stdout","time":18623.115426458,"data":"  2700/9017\n"}
,{"stream_name":"stdout","time":18815.675212586,"data":"  2725/9017\n"}
,{"stream_name":"stdout","time":18944.372947674,"data":"  2750/9017\n"}
,{"stream_name":"stdout","time":19147.098284386,"data":"  2775/9017\n"}
,{"stream_name":"stdout","time":19365.339620482,"data":"  2800/9017\n"}
,{"stream_name":"stdout","time":19626.62656857,"data":"  2825/9017\n"}
,{"stream_name":"stdout","time":19805.189471222,"data":"  2850/9017\n"}
,{"stream_name":"stdout","time":20097.261587879,"data":"  2875/9017\n"}
,{"stream_name":"stdout","time":20288.310875741,"data":"  2900/9017\n"}
,{"stream_name":"stdout","time":20485.743925982,"data":"  2925/9017\n"}
,{"stream_name":"stdout","time":20683.072253551,"data":"  2950/9017\n"}
,{"stream_name":"stdout","time":20863.501936041,"data":"  2975/9017\n"}
,{"stream_name":"stdout","time":21005.996554755,"data":"  3000/9017\n"}
,{"stream_name":"stdout","time":21135.134267531,"data":"  3025/9017\n"}
,{"stream_name":"stdout","time":21346.378937172,"data":"  3050/9017\n"}
,{"stream_name":"stdout","time":21581.978472442,"data":"  3075/9017\n"}
,{"stream_name":"stdout","time":21779.1714613,"data":"  3100/9017\n"}
,{"stream_name":"stdout","time":21973.449341474,"data":"  3125/9017\n"}
,{"stream_name":"stdout","time":22177.310842053,"data":"  3150/9017\n"}
,{"stream_name":"stdout","time":22366.954920877,"data":"  3175/9017\n"}
,{"stream_name":"stdout","time":22630.652678876,"data":"  3200/9017\n"}
,{"stream_name":"stdout","time":22909.804084666,"data":"  3225/9017\n"}
,{"stream_name":"stdout","time":23152.27243054,"data":"  3250/9017\n"}
,{"stream_name":"stdout","time":23355.690308336,"data":"  3275/9017\n"}
,{"stream_name":"stdout","time":23626.275520757,"data":"  3300/9017\n"}
,{"stream_name":"stdout","time":23937.28191323,"data":"  3325/9017\n"}
,{"stream_name":"stdout","time":24107.232015893,"data":"  3350/9017\n"}
,{"stream_name":"stdout","time":24306.495379858,"data":"  3375/9017\n"}
,{"stream_name":"stdout","time":24488.497285824,"data":"  3400/9017\n"}
,{"stream_name":"stdout","time":24744.684588295,"data":"  3425/9017\n"}
,{"stream_name":"stdout","time":24926.308798075,"data":"  3450/9017\n"}
,{"stream_name":"stdout","time":25038.35079306,"data":"  3475/9017\n"}
,{"stream_name":"stdout","time":25215.76964892,"data":"  3500/9017\n"}
,{"stream_name":"stdout","time":25506.641376785,"data":"  3525/9017\n"}
,{"stream_name":"stdout","time":25653.911897852,"data":"  3550/9017\n"}
,{"stream_name":"stdout","time":25797.298739378,"data":"  3575/9017\n"}
,{"stream_name":"stdout","time":25977.967548689,"data":"  3600/9017\n"}
,{"stream_name":"stdout","time":26210.595076378,"data":"  3625/9017\n"}
,{"stream_name":"stdout","time":26395.261796763,"data":"  3650/9017\n"}
,{"stream_name":"stdout","time":26571.893453473,"data":"  3675/9017\n"}
,{"stream_name":"stdout","time":26876.210035563,"data":"  3700/9017\n"}
,{"stream_name":"stdout","time":27090.661568673,"data":"  3725/9017\n"}
,{"stream_name":"stdout","time":27255.719226894,"data":"  3750/9017\n"}
,{"stream_name":"stdout","time":27498.641512979,"data":"  3775/9017\n"}
,{"stream_name":"stdout","time":27695.182207105,"data":"  3800/9017\n"}
,{"stream_name":"stdout","time":27912.880174596,"data":"  3825/9017\n"}
,{"stream_name":"stdout","time":28149.407515138,"data":"  3850/9017\n"}
,{"stream_name":"stdout","time":28411.108936807,"data":"  3875/9017\n"}
,{"stream_name":"stdout","time":28642.736201843,"data":"  3900/9017\n"}
,{"stream_name":"stdout","time":28756.621871715,"data":"  3925/9017\n"}
,{"stream_name":"stdout","time":28954.331093052,"data":"  3950/9017\n"}
,{"stream_name":"stdout","time":29179.780672687,"data":"  3975/9017\n"}
,{"stream_name":"stdout","time":29370.711218108,"data":"  4000/9017\n"}
,{"stream_name":"stdout","time":29590.63559649,"data":"  4025/9017\n"}
,{"stream_name":"stdout","time":29822.177617022,"data":"  4050/9017\n"}
,{"stream_name":"stdout","time":30118.928977027,"data":"  4075/9017\n"}
,{"stream_name":"stdout","time":30386.912497567,"data":"  4100/9017\n"}
,{"stream_name":"stdout","time":30651.316089793,"data":"  4125/9017\n"}
,{"stream_name":"stdout","time":30804.679932762,"data":"  4150/9017\n"}
,{"stream_name":"stdout","time":30985.025029142,"data":"  4175/9017\n"}
,{"stream_name":"stdout","time":31210.081596508,"data":"  4200/9017\n"}
,{"stream_name":"stdout","time":31417.820611796,"data":"  4225/9017\n"}
,{"stream_name":"stdout","time":31571.000918875,"data":"  4250/9017\n"}
,{"stream_name":"stdout","time":31767.746535341,"data":"  4275/9017\n"}
,{"stream_name":"stdout","time":31942.338616723,"data":"  4300/9017\n"}
,{"stream_name":"stdout","time":32222.91358174,"data":"  4325/9017\n"}
,{"stream_name":"stdout","time":32520.784201421,"data":"  4350/9017\n"}
,{"stream_name":"stdout","time":32812.172097436,"data":"  4375/9017\n"}
,{"stream_name":"stdout","time":33046.051273612,"data":"  4400/9017\n"}
,{"stream_name":"stdout","time":33246.029228289,"data":"  4425/9017\n"}
,{"stream_name":"stdout","time":33529.206376243,"data":"  4450/9017\n"}
,{"stream_name":"stdout","time":33731.985115435,"data":"  4475/9017\n"}
,{"stream_name":"stdout","time":33997.686104585,"data":"  4500/9017\n"}
,{"stream_name":"stdout","time":34282.908637285,"data":"  4525/9017\n"}
,{"stream_name":"stdout","time":34493.466088663,"data":"  4550/9017\n"}
,{"stream_name":"stdout","time":34684.714443251,"data":"  4575/9017\n"}
,{"stream_name":"stdout","time":34904.939388031,"data":"  4600/9017\n"}
,{"stream_name":"stdout","time":35136.884568346,"data":"  4625/9017\n"}
,{"stream_name":"stdout","time":35356.486408992,"data":"  4650/9017\n"}
,{"stream_name":"stdout","time":35553.237866782,"data":"  4675/9017\n"}
,{"stream_name":"stdout","time":35735.970865268,"data":"  4700/9017\n"}
,{"stream_name":"stdout","time":35940.591670794,"data":"  4725/9017\n"}
,{"stream_name":"stdout","time":36208.0016462,"data":"  4750/9017\n"}
,{"stream_name":"stdout","time":36378.795806287,"data":"  4775/9017\n"}
,{"stream_name":"stdout","time":36614.328976149,"data":"  4800/9017\n"}
,{"stream_name":"stdout","time":36863.693409588,"data":"  4825/9017\n"}
,{"stream_name":"stdout","time":37093.648172973,"data":"  4850/9017\n"}
,{"stream_name":"stdout","time":37337.444628567,"data":"  4875/9017\n"}
,{"stream_name":"stdout","time":37549.230259588,"data":"  4900/9017\n"}
,{"stream_name":"stdout","time":37745.195812243,"data":"  4925/9017\n"}
,{"stream_name":"stdout","time":37979.816185253,"data":"  4950/9017\n"}
,{"stream_name":"stdout","time":38226.910297134,"data":"  4975/9017\n"}
,{"stream_name":"stdout","time":38427.714932075,"data":"  5000/9017\n"}
,{"stream_name":"stdout","time":38626.254332069,"data":"  5025/9017\n"}
,{"stream_name":"stdout","time":38891.612088957,"data":"  5050/9017\n"}
,{"stream_name":"stdout","time":39167.057016363,"data":"  5075/9017\n"}
,{"stream_name":"stdout","time":39434.71051074,"data":"  5100/9017\n"}
,{"stream_name":"stdout","time":39674.137700617,"data":"  5125/9017\n"}
,{"stream_name":"stdout","time":39674.137788009,"data":"\n"}
,{"stream_name":"stdout","time":39674.13781209,"data":"\u003e\u003e\u003e deadline; terminating (checkpoints kept)\n"}
,{"stream_name":"stdout","time":39674.170058243,"data":"\n"}
,{"stream_name":"stdout","time":39674.170093965,"data":"=== RUN SUMMARY ===\n"}
,{"stream_name":"stdout","time":39674.170100715,"data":"s05: timeout_resumable\n"}
,{"stream_name":"stdout","time":39674.17010636,"data":"INCOMPLETE\n"}
,{"stream_name":"stdout","time":39674.178132037,"data":"16M\tdata\n"}
,{"stream_name":"stdout","time":39674.178160625,"data":"\n"}
,{"stream_name":"stderr","time":39676.711281039,"data":"/usr/local/lib/python3.12/dist-packages/mistune.py:435: SyntaxWarning: invalid escape sequence '\\|'\n"}
,{"stream_name":"stderr","time":39676.711321123,"data":"  cells[i][c] = re.sub('\\\\\\\\\\|', '|', cell)\n"}
,{"stream_name":"stderr","time":39677.050664555,"data":"/usr/local/lib/python3.12/dist-packages/nbconvert/filters/filter_links.py:36: SyntaxWarning: invalid escape sequence '\\_'\n"}
,{"stream_name":"stderr","time":39677.050690831,"data":"  text = re.sub(r'_', '\\_', text) # Escape underscores in display text\n"}
,{"stream_name":"stderr","time":39678.102023262,"data":"[NbConvertApp] Converting notebook __script__.ipynb to html\n"}
,{"stream_name":"stderr","time":39679.645089563,"data":"[NbConvertApp] Writing 286492 bytes to __results__.html\n"}
]