[{"stream_name":"stderr","time":1.640037382,"data":"Cloning into 'repo'...\n"}
,{"stream_name":"stdout","time":10.966584631,"data":"   ━━━━━━━━━━━━━━━━━━━━━━━━━━━━━━━━━━━━━━━━ 3.1/3.1 MB 41.0 MB/s eta 0:00:00\n"}
,{"stream_name":"stdout","time":14.109206475,"data":"\n"}
,{"stream_name":"stdout","time":14.109248414,"data":"=== s00 ===\n"}
,{"stream_name":"stdout","time":17.44010493,"data":"downloading Retraction Watch CSV (~63 MB)...\n"}
,{"stream_name":"stdout","time":24.095470328,"data":"60247 retracted papers with DOI + retraction date\n"}
,{"stream_name":"stdout","time":24.095554574,"data":"  skipped: {'nature': 5512, 'no_doi': 5881, 'no_date': 0}\n"}
,{"stream_name":"stdout","time":24.843686968,"data":"wrote /kaggle/working/repo/data/retracted_dois.csv\n"}
,{"stream_name":"stdout","time":24.848097968,"data":"retraction years 1966-2026, 41813 retracted in 2018 or later\n"}
,{"stream_name":"stdout","time":25.119128402,"data":"\n"}
,{"stream_name":"stdout","time":25.119170276,"data":"=== s02 ===\n"}
,{"stream_name":"stdout","time":26.953555455,"data":"looking for 60247 retracted DOIs in snapshot 2026-06-26\n"}
,{"stream_name":"stdout","time":30.407239027,"data":"  0/408 files, 0 matches so far\n"}
,{"stream_name":"stdout","time":38.633543716,"data":"  25/408 files, 0 matches so far\n"}
,{"stream_name":"stdout","time":73.49538898,"data":"  50/408 files, 95 matches so far\n"}
,{"stream_name":"stdout","time":119.078023697,"data":"  75/408 files, 191 matches so far\n"}
,{"stream_name":"stdout","time":171.538446027,"data":"  100/408 files, 496 matches so far\n"}
,{"stream_name":"stdout","time":215.716549108,"data":"  125/408 files, 775 matches so far\n"}
,{"stream_name":"stdout","time":267.514785604,"data":"  150/408 files, 1050 matches so far\n"}
,{"stream_name":"stdout","time":315.404333495,"data":"  175/408 files, 1320 matches so far\n"}
,{"stream_name":"stdout","time":368.041231516,"data":"  200/408 files, 1602 matches so far\n"}
,{"stream_name":"stdout","time":437.666737827,"data":"  225/408 files, 1900 matches so far\n"}
,{"stream_name":"stdout","time":489.747662375,"data":"  250/408 files, 2198 matches so far\n"}
,{"stream_name":"stdout","time":545.798481508,"data":"  275/408 files, 3527 matches so far\n"}
,{"stream_name":"stdout","time":605.94689242,"data":"  300/408 files, 3539 matches so far\n"}
,{"stream_name":"stdout","time":667.886120184,"data":"  325/408 files, 3629 matches so far\n"}
,{"stream_name":"stdout","time":724.441263683,"data":"  350/408 files, 4528 matches so far\n"}
,{"stream_name":"stdout","time":811.281850755,"data":"  375/408 files, 7666 matches so far\n"}
,{"stream_name":"stdout","time":897.515485894,"data":"  400/408 files, 9633 matches so far\n"}
,{"stream_name":"stdout","time":920.973951791,"data":"wrote /kaggle/working/repo/data/retracted_works_3of6.csv: 9906 of 60247 retracted papers found in OpenAlex (16.4%)\n"}
,{"stream_name":"stdout","time":921.374243245,"data":"\n"}
,{"stream_name":"stdout","time":921.374288651,"data":"=== RUN SUMMARY ===\n"}
,{"stream_name":"stdout","time":921.374295625,"data":"s00: ok\n"}
,{"stream_name":"stdout","time":921.374300669,"data":"s02: ok\n"}
,{"stream_name":"stdout","time":921.374305597,"data":"ALL_OK\n"}
,{"stream_name":"stdout","time":921.383044536,"data":"17M\tdata\n"}
,{"stream_name":"stdout","time":921.383087247,"data":"\n"}
,{"stream_name":"stderr","time":924.588918874,"data":"/usr/local/lib/python3.12/dist-packages/mistune.py:435: SyntaxWarning: invalid escape sequence '\\|'\n"}
,{"stream_name":"stderr","time":924.588965846,"data":"  cells[i][c] = re.sub('\\\\\\\\\\|', '|', cell)\n"}
,{"stream_name":"stderr","time":925.112714251,"data":"/usr/local/lib/python3.12/dist-packages/nbconvert/filters/filter_links.py:36: SyntaxWarning: invalid escape sequence '\\_'\n"}
,{"stream_name":"stderr","time":925.112758999,"data":"  text = re.sub(r'_', '\\_', text) # Escape underscores in display text\n"}
,{"stream_name":"stderr","time":926.061059853,"data":"[NbConvertApp] Converting notebook __script__.ipynb to html\n"}
,{"stream_name":"stderr","time":928.102411197,"data":"[NbConvertApp] Writing 286935 bytes to __results__.html\n"}
]